<html>
<body>
<pre>
<h1>µVision Build Log</h1>
<h2>Tool Versions:</h2>
IDE-Version: ¦ÌVision V5.15
Copyright (C) 2015 ARM Ltd and ARM Germany GmbH. All rights reserved.
License Information: gejun Microsoft, Microsoft, LIC=Y2BVE-57YHI-C14PU-SVDZ8-WFZ8M-WSI90
 
Tool Versions:
Toolchain:       MDK-ARM Professional  Version: 5.15.0
Toolchain Path:  C:\Keil_v5\ARM\ARMCC\Bin
C Compiler:      Armcc.exe V5.05 update 2 (build 169)
Assembler:       Armasm.exe V5.05 update 2 (build 169)
Linker/Locator:  ArmLink.exe V5.05 update 2 (build 169)
Library Manager: ArmAr.exe V5.05 update 2 (build 169)
Hex Converter:   FromElf.exe V5.05 update 2 (build 169)
CPU DLL:         SARMCM3.DLL V5.15.0
Dialog DLL:      DCM.DLL V1.13.2.0
Target DLL:      Segger\JL2CM3.dll V2.99.15.0
Dialog DLL:      TCM.DLL V1.14.5.0
 
<h2>Project:</h2>
C:\Users\dell\Desktop\STM32F427VI\GT1 _keyboard\MDK-ARM\GT1.uvprojx
Project File Date:  02/24/2017

<h2>Output:</h2>
*** Using Compiler 'V5.05 update 2 (build 169)', folder: 'C:\Keil_v5\ARM\ARMCC\Bin'
Build target 'GT1'
compiling stm32f4xx_it.c...
../Src/stm32f4xx_it.c(223): warning:  #188-D: enumerated type mixed with another type
        HAL_GPIO_WritePin(
PIOD,
PIO_PIN_12,1);
../Src/stm32f4xx_it.c(224): warning:  #188-D: enumerated type mixed with another type
            HAL_GPIO_WritePin(
PIOD,
PIO_PIN_13,1);
../Src/stm32f4xx_it.c(225): warning:  #188-D: enumerated type mixed with another type
            HAL_GPIO_WritePin(
PIOD,
PIO_PIN_14,1);
../Src/stm32f4xx_it.c(227): warning:  #188-D: enumerated type mixed with another type
        HAL_GPIO_WritePin(
PIOD,
PIO_PIN_12,0);
../Src/stm32f4xx_it.c(228): warning:  #188-D: enumerated type mixed with another type
            HAL_GPIO_WritePin(
PIOD,
PIO_PIN_13,0);
../Src/stm32f4xx_it.c(229): warning:  #188-D: enumerated type mixed with another type
            HAL_GPIO_WritePin(
PIOD,
PIO_PIN_14,0);
../Src/stm32f4xx_it.c(231): warning:  #188-D: enumerated type mixed with another type
        HAL_GPIO_WritePin(
PIOD,
PIO_PIN_12,1);
../Src/stm32f4xx_it.c(232): warning:  #188-D: enumerated type mixed with another type
            HAL_GPIO_WritePin(
PIOD,
PIO_PIN_13,0);
../Src/stm32f4xx_it.c(233): warning:  #188-D: enumerated type mixed with another type
            HAL_GPIO_WritePin(
PIOD,
PIO_PIN_14,0);
../Src/stm32f4xx_it.c(235): warning:  #188-D: enumerated type mixed with another type
        HAL_GPIO_WritePin(
PIOD,
PIO_PIN_12,0);
../Src/stm32f4xx_it.c(236): warning:  #188-D: enumerated type mixed with another type
            HAL_GPIO_WritePin(
PIOD,
PIO_PIN_13,0);
../Src/stm32f4xx_it.c(237): warning:  #188-D: enumerated type mixed with another type
            HAL_GPIO_WritePin(
PIOD,
PIO_PIN_14,0);
../Src/stm32f4xx_it.c(239): warning:  #188-D: enumerated type mixed with another type
        HAL_GPIO_WritePin(
PIOD,
PIO_PIN_12,0);
../Src/stm32f4xx_it.c(240): warning:  #188-D: enumerated type mixed with another type
            HAL_GPIO_WritePin(
PIOD,
PIO_PIN_13,1);
../Src/stm32f4xx_it.c(241): warning:  #188-D: enumerated type mixed with another type
            HAL_GPIO_WritePin(
PIOD,
PIO_PIN_14,0);
../Src/stm32f4xx_it.c(243): warning:  #188-D: enumerated type mixed with another type
        HAL_GPIO_WritePin(
PIOD,
PIO_PIN_12,0);
../Src/stm32f4xx_it.c(244): warning:  #188-D: enumerated type mixed with another type
            HAL_GPIO_WritePin(
PIOD,
PIO_PIN_13,0);
../Src/stm32f4xx_it.c(245): warning:  #188-D: enumerated type mixed with another type
            HAL_GPIO_WritePin(
PIOD,
PIO_PIN_14,0);
../Src/stm32f4xx_it.c(247): warning:  #188-D: enumerated type mixed with another type
        HAL_GPIO_WritePin(
PIOD,
PIO_PIN_12,0);
../Src/stm32f4xx_it.c(248): warning:  #188-D: enumerated type mixed with another type
            HAL_GPIO_WritePin(
PIOD,
PIO_PIN_13,0);
../Src/stm32f4xx_it.c(249): warning:  #188-D: enumerated type mixed with another type
            HAL_GPIO_WritePin(
PIOD,
PIO_PIN_14,1);
../Src/stm32f4xx_it.c(251): warning:  #188-D: enumerated type mixed with another type
        HAL_GPIO_WritePin(
PIOD,
PIO_PIN_12,0);
../Src/stm32f4xx_it.c(252): warning:  #188-D: enumerated type mixed with another type
            HAL_GPIO_WritePin(
PIOD,
PIO_PIN_13,0);
../Src/stm32f4xx_it.c(253): warning:  #188-D: enumerated type mixed with another type
            HAL_GPIO_WritePin(
PIOD,
PIO_PIN_14,0);
../Src/stm32f4xx_it.c: 24 warnings, 0 errors
linking...
Program Size: Code=21032 RO-data=496 RW-data=396 ZI-data=4772  
FromELF: creating hex file...
"GT1\GT1.axf" - 0 Error(s), 24 Warning(s).

<h2>Software Packages used:</h2>

Package Vendor: ARM
                http://www.keil.com/pack/ARM.CMSIS.5.0.0.pack
                ARM::CMSIS:CORE:5.0.0
                CMSIS (Cortex Microcontroller Software Interface Standard)
   * Component: CORE Version: 5.0.0

<h2>Collection of Component include folders:</h2>
  C:\Users\dell\Desktop\STM32F427VI\GT1 _keyboard\MDK-ARM\RTE
  C:\Keil_v5\ARM\PACK\ARM\CMSIS\5.0.0\CMSIS\Include
  C:\Keil_v5\ARM\PACK\Keil\STM32F4xx_DFP\2.10.0\Drivers\CMSIS\Device\ST\STM32F4xx\Include

<h2>Collection of Component Files used:</h2>

   * Component: ARM::CMSIS:CORE:5.0.0
</pre>
</body>
</html>
